2026-07-05T17:53:06.311822Z  INFO tailwindcss_oxide::scanner: Provided sources:
2026-07-05T17:53:06.311987Z  INFO tailwindcss_oxide::scanner: Source: PublicSourceEntry { base: "C:\\mainDev\\graygold\\client", pattern: "**/*", negated: false }
2026-07-05T17:53:06.312255Z  INFO tailwindcss_oxide::scanner: Optimized sources:
2026-07-05T17:53:06.312281Z  INFO tailwindcss_oxide::scanner: Source: Auto { base: "C:\\mainDev\\graygold\\client" }
2026-07-05T17:53:06.317049Z  INFO scan_sources: tailwindcss_oxide::scanner: enter
2026-07-05T17:53:06.321748Z  INFO scan_sources: tailwindcss_oxide::scanner: Discovering "C:\\mainDev\\graygold\\client\\jsconfig.json"
2026-07-05T17:53:06.322886Z  INFO scan_sources: tailwindcss_oxide::scanner: Discovering "C:\\mainDev\\graygold\\client\\netlify.toml"
2026-07-05T17:53:06.323059Z  INFO scan_sources: tailwindcss_oxide::scanner: Discovering "C:\\mainDev\\graygold\\client\\Next.config"
2026-07-05T17:53:06.323180Z  INFO scan_sources: tailwindcss_oxide::scanner: Discovering "C:\\mainDev\\graygold\\client\\next.config.mjs"
2026-07-05T17:53:06.323836Z  INFO scan_sources: tailwindcss_oxide::scanner: Discovering "C:\\mainDev\\graygold\\client\\package.json"
2026-07-05T17:53:06.323989Z  INFO scan_sources: tailwindcss_oxide::scanner: Discovering "C:\\mainDev\\graygold\\client\\postcss.config.mjs"
2026-07-05T17:53:06.324240Z  INFO scan_sources: tailwindcss_oxide::scanner: Discovering "C:\\mainDev\\graygold\\client\\public"
2026-07-05T17:53:06.324653Z  INFO scan_sources: tailwindcss_oxide::scanner: Discovering "C:\\mainDev\\graygold\\client\\public\\file.svg"
2026-07-05T17:53:06.324778Z  INFO scan_sources: tailwindcss_oxide::scanner: Discovering "C:\\mainDev\\graygold\\client\\public\\globe.svg"
2026-07-05T17:53:06.324914Z  INFO scan_sources: tailwindcss_oxide::scanner: Discovering "C:\\mainDev\\graygold\\client\\public\\next.svg"
2026-07-05T17:53:06.325122Z  INFO scan_sources: tailwindcss_oxide::scanner: Discovering "C:\\mainDev\\graygold\\client\\public\\partners"
2026-07-05T17:53:06.325598Z  INFO scan_sources: tailwindcss_oxide::scanner: Discovering "C:\\mainDev\\graygold\\client\\public\\propertiesImages"
2026-07-05T17:53:06.326063Z  INFO scan_sources: tailwindcss_oxide::scanner: Discovering "C:\\mainDev\\graygold\\client\\public\\vercel.svg"
2026-07-05T17:53:06.326185Z  INFO scan_sources: tailwindcss_oxide::scanner: Discovering "C:\\mainDev\\graygold\\client\\public\\window.svg"
2026-07-05T17:53:06.326359Z  INFO scan_sources: tailwindcss_oxide::scanner: Discovering "C:\\mainDev\\graygold\\client\\README.md"
2026-07-05T17:53:06.326567Z  INFO scan_sources: tailwindcss_oxide::scanner: Discovering "C:\\mainDev\\graygold\\client\\src"
2026-07-05T17:53:06.326927Z  INFO scan_sources: tailwindcss_oxide::scanner: Discovering "C:\\mainDev\\graygold\\client\\src\\app"
2026-07-05T17:53:06.327256Z  INFO scan_sources: tailwindcss_oxide::scanner: Discovering "C:\\mainDev\\graygold\\client\\src\\app\\about"
2026-07-05T17:53:06.327500Z  INFO scan_sources: tailwindcss_oxide::scanner: Discovering "C:\\mainDev\\graygold\\client\\src\\app\\about\\AboutClient.js"
2026-07-05T17:53:06.327635Z  INFO scan_sources: tailwindcss_oxide::scanner: Discovering "C:\\mainDev\\graygold\\client\\src\\app\\about\\page.js"
2026-07-05T17:53:06.327859Z  INFO scan_sources: tailwindcss_oxide::scanner: Discovering "C:\\mainDev\\graygold\\client\\src\\app\\admin"
2026-07-05T17:53:06.328190Z  INFO scan_sources: tailwindcss_oxide::scanner: Discovering "C:\\mainDev\\graygold\\client\\src\\app\\admin\\dashboard"
2026-07-05T17:53:06.328528Z  INFO scan_sources: tailwindcss_oxide::scanner: Discovering "C:\\mainDev\\graygold\\client\\src\\app\\admin\\dashboard\\components"
2026-07-05T17:53:06.328781Z  INFO scan_sources: tailwindcss_oxide::scanner: Discovering "C:\\mainDev\\graygold\\client\\src\\app\\admin\\dashboard\\components\\modals.js"
2026-07-05T17:53:06.328897Z  INFO scan_sources: tailwindcss_oxide::scanner: Discovering "C:\\mainDev\\graygold\\client\\src\\app\\admin\\dashboard\\components\\OtherSections.js"
2026-07-05T17:53:06.329005Z  INFO scan_sources: tailwindcss_oxide::scanner: Discovering "C:\\mainDev\\graygold\\client\\src\\app\\admin\\dashboard\\components\\OverviewSection.js"
2026-07-05T17:53:06.329210Z  INFO scan_sources: tailwindcss_oxide::scanner: Discovering "C:\\mainDev\\graygold\\client\\src\\app\\admin\\dashboard\\components\\PropertiesSection.js"
2026-07-05T17:53:06.329325Z  INFO scan_sources: tailwindcss_oxide::scanner: Discovering "C:\\mainDev\\graygold\\client\\src\\app\\admin\\dashboard\\components\\ui.js"
2026-07-05T17:53:06.329497Z  INFO scan_sources: tailwindcss_oxide::scanner: Discovering "C:\\mainDev\\graygold\\client\\src\\app\\admin\\dashboard\\layout.js"
2026-07-05T17:53:06.329609Z  INFO scan_sources: tailwindcss_oxide::scanner: Discovering "C:\\mainDev\\graygold\\client\\src\\app\\admin\\dashboard\\page.js"
2026-07-05T17:53:06.329829Z  INFO scan_sources: tailwindcss_oxide::scanner: Discovering "C:\\mainDev\\graygold\\client\\src\\app\\admin\\login"
2026-07-05T17:53:06.330060Z  INFO scan_sources: tailwindcss_oxide::scanner: Discovering "C:\\mainDev\\graygold\\client\\src\\app\\admin\\login\\page.js"
2026-07-05T17:53:06.330269Z  INFO scan_sources: tailwindcss_oxide::scanner: Discovering "C:\\mainDev\\graygold\\client\\src\\app\\admin\\signup"
2026-07-05T17:53:06.330519Z  INFO scan_sources: tailwindcss_oxide::scanner: Discovering "C:\\mainDev\\graygold\\client\\src\\app\\admin\\signup\\page.js"
2026-07-05T17:53:06.330807Z  INFO scan_sources: tailwindcss_oxide::scanner: Discovering "C:\\mainDev\\graygold\\client\\src\\app\\component"
2026-07-05T17:53:06.331107Z  INFO scan_sources: tailwindcss_oxide::scanner: Discovering "C:\\mainDev\\graygold\\client\\src\\app\\component\\Footer.js"
2026-07-05T17:53:06.331246Z  INFO scan_sources: tailwindcss_oxide::scanner: Discovering "C:\\mainDev\\graygold\\client\\src\\app\\component\\FormInput.js"
2026-07-05T17:53:06.331351Z  INFO scan_sources: tailwindcss_oxide::scanner: Discovering "C:\\mainDev\\graygold\\client\\src\\app\\component\\FormSelect.js"
2026-07-05T17:53:06.331461Z  INFO scan_sources: tailwindcss_oxide::scanner: Discovering "C:\\mainDev\\graygold\\client\\src\\app\\component\\Header.js"
2026-07-05T17:53:06.331584Z  INFO scan_sources: tailwindcss_oxide::scanner: Discovering "C:\\mainDev\\graygold\\client\\src\\app\\component\\HomeAreaCard.js"
2026-07-05T17:53:06.331730Z  INFO scan_sources: tailwindcss_oxide::scanner: Discovering "C:\\mainDev\\graygold\\client\\src\\app\\component\\HomeAreaCardCompact.js"
2026-07-05T17:53:06.331848Z  INFO scan_sources: tailwindcss_oxide::scanner: Discovering "C:\\mainDev\\graygold\\client\\src\\app\\component\\HomeFeaturedListings.js"
2026-07-05T17:53:06.331956Z  INFO scan_sources: tailwindcss_oxide::scanner: Discovering "C:\\mainDev\\graygold\\client\\src\\app\\component\\HomeHeroSection.js"
2026-07-05T17:53:06.332055Z  INFO scan_sources: tailwindcss_oxide::scanner: Discovering "C:\\mainDev\\graygold\\client\\src\\app\\component\\HomePartners.js"
2026-07-05T17:53:06.332160Z  INFO scan_sources: tailwindcss_oxide::scanner: Discovering "C:\\mainDev\\graygold\\client\\src\\app\\component\\HomePartnersGrid.js"
2026-07-05T17:53:06.332274Z  INFO scan_sources: tailwindcss_oxide::scanner: Discovering "C:\\mainDev\\graygold\\client\\src\\app\\component\\HomePopularAreas.js"
2026-07-05T17:53:06.332372Z  INFO scan_sources: tailwindcss_oxide::scanner: Discovering "C:\\mainDev\\graygold\\client\\src\\app\\component\\HomePropertyCard.js"
2026-07-05T17:53:06.332485Z  INFO scan_sources: tailwindcss_oxide::scanner: Discovering "C:\\mainDev\\graygold\\client\\src\\app\\component\\HomePropertyModal.js"
2026-07-05T17:53:06.332601Z  INFO scan_sources: tailwindcss_oxide::scanner: Discovering "C:\\mainDev\\graygold\\client\\src\\app\\component\\HomeTestimonial.js"
2026-07-05T17:53:06.332707Z  INFO scan_sources: tailwindcss_oxide::scanner: Discovering "C:\\mainDev\\graygold\\client\\src\\app\\component\\HomeTestimonialCard.js"
2026-07-05T17:53:06.332821Z  INFO scan_sources: tailwindcss_oxide::scanner: Discovering "C:\\mainDev\\graygold\\client\\src\\app\\component\\InquiryForm.js"
2026-07-05T17:53:06.333013Z  INFO scan_sources: tailwindcss_oxide::scanner: Discovering "C:\\mainDev\\graygold\\client\\src\\app\\component\\ScrollToTop.js"
2026-07-05T17:53:06.333142Z  INFO scan_sources: tailwindcss_oxide::scanner: Discovering "C:\\mainDev\\graygold\\client\\src\\app\\component\\WhatsAppButton.js"
2026-07-05T17:53:06.333413Z  INFO scan_sources: tailwindcss_oxide::scanner: Discovering "C:\\mainDev\\graygold\\client\\src\\app\\contact"
2026-07-05T17:53:06.333692Z  INFO scan_sources: tailwindcss_oxide::scanner: Discovering "C:\\mainDev\\graygold\\client\\src\\app\\contact\\ContactClient.js"
2026-07-05T17:53:06.333804Z  INFO scan_sources: tailwindcss_oxide::scanner: Discovering "C:\\mainDev\\graygold\\client\\src\\app\\contact\\page.js"
2026-07-05T17:53:06.334018Z  INFO scan_sources: tailwindcss_oxide::scanner: Discovering "C:\\mainDev\\graygold\\client\\src\\app\\faq"
2026-07-05T17:53:06.334257Z  INFO scan_sources: tailwindcss_oxide::scanner: Discovering "C:\\mainDev\\graygold\\client\\src\\app\\faq\\FaqClient.js"
2026-07-05T17:53:06.334366Z  INFO scan_sources: tailwindcss_oxide::scanner: Discovering "C:\\mainDev\\graygold\\client\\src\\app\\faq\\page.js"
2026-07-05T17:53:06.334560Z  INFO scan_sources: tailwindcss_oxide::scanner: Discovering "C:\\mainDev\\graygold\\client\\src\\app\\globals.css"
2026-07-05T17:53:06.334764Z  INFO scan_sources: tailwindcss_oxide::scanner: Discovering "C:\\mainDev\\graygold\\client\\src\\app\\graygold.code-workspace"
2026-07-05T17:53:06.334901Z  INFO scan_sources: tailwindcss_oxide::scanner: Discovering "C:\\mainDev\\graygold\\client\\src\\app\\hooks"
2026-07-05T17:53:06.335083Z  INFO scan_sources: tailwindcss_oxide::scanner: Discovering "C:\\mainDev\\graygold\\client\\src\\app\\hooks\\Usefeaturedproperties.js"
2026-07-05T17:53:06.335155Z  INFO scan_sources: tailwindcss_oxide::scanner: Discovering "C:\\mainDev\\graygold\\client\\src\\app\\hooks\\Uselistings.js"
2026-07-05T17:53:06.335302Z  INFO scan_sources: tailwindcss_oxide::scanner: Discovering "C:\\mainDev\\graygold\\client\\src\\app\\inquiry"
2026-07-05T17:53:06.335456Z  INFO scan_sources: tailwindcss_oxide::scanner: Discovering "C:\\mainDev\\graygold\\client\\src\\app\\inquiry\\InquiryClient.js"
2026-07-05T17:53:06.335526Z  INFO scan_sources: tailwindcss_oxide::scanner: Discovering "C:\\mainDev\\graygold\\client\\src\\app\\inquiry\\page.js"
2026-07-05T17:53:06.335615Z  INFO scan_sources: tailwindcss_oxide::scanner: Discovering "C:\\mainDev\\graygold\\client\\src\\app\\layout.js"
2026-07-05T17:53:06.335725Z  INFO scan_sources: tailwindcss_oxide::scanner: Discovering "C:\\mainDev\\graygold\\client\\src\\app\\lib"
2026-07-05T17:53:06.335870Z  INFO scan_sources: tailwindcss_oxide::scanner: Discovering "C:\\mainDev\\graygold\\client\\src\\app\\lib\\api-config.js"
2026-07-05T17:53:06.335939Z  INFO scan_sources: tailwindcss_oxide::scanner: Discovering "C:\\mainDev\\graygold\\client\\src\\app\\lib\\watermark.js"
2026-07-05T17:53:06.336066Z  INFO scan_sources: tailwindcss_oxide::scanner: Discovering "C:\\mainDev\\graygold\\client\\src\\app\\listing"
2026-07-05T17:53:06.336205Z  INFO scan_sources: tailwindcss_oxide::scanner: Discovering "C:\\mainDev\\graygold\\client\\src\\app\\listing\\ListingsClient.js"
2026-07-05T17:53:06.336270Z  INFO scan_sources: tailwindcss_oxide::scanner: Discovering "C:\\mainDev\\graygold\\client\\src\\app\\listing\\page.js"
2026-07-05T17:53:06.336390Z  INFO scan_sources: tailwindcss_oxide::scanner: Discovering "C:\\mainDev\\graygold\\client\\src\\app\\listing\\[id]"
2026-07-05T17:53:06.336584Z  INFO scan_sources: tailwindcss_oxide::scanner: Discovering "C:\\mainDev\\graygold\\client\\src\\app\\listing\\[id]\\normalize.js"
2026-07-05T17:53:06.336665Z  INFO scan_sources: tailwindcss_oxide::scanner: Discovering "C:\\mainDev\\graygold\\client\\src\\app\\listing\\[id]\\page.js"
2026-07-05T17:53:06.336729Z  INFO scan_sources: tailwindcss_oxide::scanner: Discovering "C:\\mainDev\\graygold\\client\\src\\app\\listing\\[id]\\PropertyDetailClient.js"
2026-07-05T17:53:06.336839Z  INFO scan_sources: tailwindcss_oxide::scanner: Discovering "C:\\mainDev\\graygold\\client\\src\\app\\middleware.js"
2026-07-05T17:53:06.336907Z  INFO scan_sources: tailwindcss_oxide::scanner: Discovering "C:\\mainDev\\graygold\\client\\src\\app\\page.js"
2026-07-05T17:53:06.336975Z  INFO scan_sources: tailwindcss_oxide::scanner: Discovering "C:\\mainDev\\graygold\\client\\src\\app\\robots.js"
2026-07-05T17:53:06.337038Z  INFO scan_sources: tailwindcss_oxide::scanner: Discovering "C:\\mainDev\\graygold\\client\\src\\app\\sitemap.js"
2026-07-05T17:53:06.337144Z  INFO scan_sources: tailwindcss_oxide::scanner: Discovering "C:\\mainDev\\graygold\\client\\src\\app\\watermark"
2026-07-05T17:53:06.337282Z  INFO scan_sources: tailwindcss_oxide::scanner: Discovering "C:\\mainDev\\graygold\\client\\src\\app\\watermark\\route.js"
2026-07-05T17:53:06.337504Z  INFO scan_sources: tailwindcss_oxide::scanner: exit
2026-07-05T17:53:06.337517Z  INFO extract_candidates: tailwindcss_oxide::scanner: enter
2026-07-05T17:53:06.337525Z  INFO extract_candidates:read_all_files: tailwindcss_oxide::scanner: enter
2026-07-05T17:53:06.337531Z  INFO extract_candidates:read_all_files: tailwindcss_oxide::scanner: Reading 63 file(s)
2026-07-05T17:53:06.338127Z  INFO tailwindcss_oxide::scanner: Reading "C:\\mainDev\\graygold\\client\\src\\app\\hooks\\Uselistings.js"
2026-07-05T17:53:06.338278Z  INFO tailwindcss_oxide::scanner: Reading "C:\\mainDev\\graygold\\client\\src\\app\\inquiry\\InquiryClient.js"
2026-07-05T17:53:06.338275Z  INFO tailwindcss_oxide::scanner: Reading "C:\\mainDev\\graygold\\client\\src\\app\\listing\\[id]\\normalize.js"
2026-07-05T17:53:06.338399Z  INFO tailwindcss_oxide::scanner: Reading "C:\\mainDev\\graygold\\client\\src\\app\\inquiry\\page.js"
2026-07-05T17:53:06.338414Z  INFO tailwindcss_oxide::scanner: Reading "C:\\mainDev\\graygold\\client\\src\\app\\listing\\[id]\\page.js"
2026-07-05T17:53:06.338502Z  INFO tailwindcss_oxide::scanner: Reading "C:\\mainDev\\graygold\\client\\src\\app\\layout.js"
2026-07-05T17:53:06.338576Z  INFO tailwindcss_oxide::scanner: Reading "C:\\mainDev\\graygold\\client\\src\\app\\listing\\[id]\\PropertyDetailClient.js"
2026-07-05T17:53:06.338645Z  INFO tailwindcss_oxide::scanner: Reading "C:\\mainDev\\graygold\\client\\src\\app\\component\\HomePartners.js"
2026-07-05T17:53:06.338649Z  INFO tailwindcss_oxide::scanner: Reading "C:\\mainDev\\graygold\\client\\jsconfig.json"
2026-07-05T17:53:06.338741Z  INFO tailwindcss_oxide::scanner: Reading "C:\\mainDev\\graygold\\client\\src\\app\\component\\ScrollToTop.js"
2026-07-05T17:53:06.338900Z  INFO tailwindcss_oxide::scanner: Reading "C:\\mainDev\\graygold\\client\\src\\app\\component\\HomePropertyModal.js"
2026-07-05T17:53:06.339229Z  INFO tailwindcss_oxide::scanner: Reading "C:\\mainDev\\graygold\\client\\src\\app\\lib\\api-config.js"
2026-07-05T17:53:06.339310Z  INFO tailwindcss_oxide::scanner: Reading "C:\\mainDev\\graygold\\client\\src\\app\\component\\HomePopularAreas.js"
2026-07-05T17:53:06.339349Z  INFO tailwindcss_oxide::scanner: Reading "C:\\mainDev\\graygold\\client\\src\\app\\component\\WhatsAppButton.js"
2026-07-05T17:53:06.339356Z  INFO tailwindcss_oxide::scanner: Reading "C:\\mainDev\\graygold\\client\\src\\app\\lib\\watermark.js"
2026-07-05T17:53:06.339444Z  INFO tailwindcss_oxide::scanner: Reading "C:\\mainDev\\graygold\\client\\src\\app\\middleware.js"
2026-07-05T17:53:06.339513Z  INFO tailwindcss_oxide::scanner: Reading "C:\\mainDev\\graygold\\client\\src\\app\\listing\\ListingsClient.js"
2026-07-05T17:53:06.339525Z  INFO tailwindcss_oxide::scanner: Reading "C:\\mainDev\\graygold\\client\\src\\app\\contact\\ContactClient.js"
2026-07-05T17:53:06.339635Z  INFO tailwindcss_oxide::scanner: Reading "C:\\mainDev\\graygold\\client\\src\\app\\listing\\page.js"
2026-07-05T17:53:06.339682Z  INFO tailwindcss_oxide::scanner: Reading "C:\\mainDev\\graygold\\client\\src\\app\\contact\\page.js"
2026-07-05T17:53:06.339772Z  INFO tailwindcss_oxide::scanner: Reading "C:\\mainDev\\graygold\\client\\src\\app\\component\\Footer.js"
2026-07-05T17:53:06.339839Z  INFO tailwindcss_oxide::scanner: Reading "C:\\mainDev\\graygold\\client\\src\\app\\faq\\FaqClient.js"
2026-07-05T17:53:06.339937Z  INFO tailwindcss_oxide::scanner: Reading "C:\\mainDev\\graygold\\client\\src\\app\\page.js"
2026-07-05T17:53:06.339971Z  INFO tailwindcss_oxide::scanner: Reading "C:\\mainDev\\graygold\\client\\src\\app\\component\\HomePropertyCard.js"
2026-07-05T17:53:06.340037Z  INFO tailwindcss_oxide::scanner: Reading "C:\\mainDev\\graygold\\client\\src\\app\\admin\\dashboard\\components\\OtherSections.js"
2026-07-05T17:53:06.340043Z  INFO tailwindcss_oxide::scanner: Reading "C:\\mainDev\\graygold\\client\\src\\app\\robots.js"
2026-07-05T17:53:06.340164Z  INFO tailwindcss_oxide::scanner: Reading "C:\\mainDev\\graygold\\client\\src\\app\\sitemap.js"
2026-07-05T17:53:06.340190Z  INFO tailwindcss_oxide::scanner: Reading "C:\\mainDev\\graygold\\client\\src\\app\\faq\\page.js"
2026-07-05T17:53:06.340208Z  INFO tailwindcss_oxide::scanner: Reading "C:\\mainDev\\graygold\\client\\public\\globe.svg"
2026-07-05T17:53:06.340251Z  INFO tailwindcss_oxide::scanner: Reading "C:\\mainDev\\graygold\\client\\src\\app\\watermark\\route.js"
2026-07-05T17:53:06.340548Z  INFO tailwindcss_oxide::scanner: Reading "C:\\mainDev\\graygold\\client\\src\\app\\component\\HomeTestimonial.js"
2026-07-05T17:53:06.340559Z  INFO tailwindcss_oxide::scanner: Reading "C:\\mainDev\\graygold\\client\\src\\app\\hooks\\Usefeaturedproperties.js"
2026-07-05T17:53:06.340676Z  INFO tailwindcss_oxide::scanner: Reading "C:\\mainDev\\graygold\\client\\src\\app\\component\\HomePartnersGrid.js"
2026-07-05T17:53:06.340658Z  INFO tailwindcss_oxide::scanner: Reading "C:\\mainDev\\graygold\\client\\next.config.mjs"
2026-07-05T17:53:06.340740Z  INFO tailwindcss_oxide::scanner: Reading "C:\\mainDev\\graygold\\client\\src\\app\\component\\HomeFeaturedListings.js"
2026-07-05T17:53:06.338841Z  INFO tailwindcss_oxide::scanner: Reading "C:\\mainDev\\graygold\\client\\netlify.toml"
2026-07-05T17:53:06.340818Z  INFO tailwindcss_oxide::scanner: Reading "C:\\mainDev\\graygold\\client\\package.json"
2026-07-05T17:53:06.340877Z  INFO tailwindcss_oxide::scanner: Reading "C:\\mainDev\\graygold\\client\\src\\app\\component\\HomeAreaCard.js"
2026-07-05T17:53:06.341068Z  INFO tailwindcss_oxide::scanner: Reading "C:\\mainDev\\graygold\\client\\src\\app\\component\\FormInput.js"
2026-07-05T17:53:06.341072Z  INFO tailwindcss_oxide::scanner: Reading "C:\\mainDev\\graygold\\client\\public\\next.svg"
2026-07-05T17:53:06.341091Z  INFO tailwindcss_oxide::scanner: Reading "C:\\mainDev\\graygold\\client\\src\\app\\graygold.code-workspace"
2026-07-05T17:53:06.341139Z  INFO tailwindcss_oxide::scanner: Reading "C:\\mainDev\\graygold\\client\\src\\app\\component\\HomeTestimonialCard.js"
2026-07-05T17:53:06.341153Z  INFO tailwindcss_oxide::scanner: Reading "C:\\mainDev\\graygold\\client\\README.md"
2026-07-05T17:53:06.341201Z  INFO tailwindcss_oxide::scanner: Reading "C:\\mainDev\\graygold\\client\\src\\app\\about\\page.js"
2026-07-05T17:53:06.341235Z  INFO tailwindcss_oxide::scanner: Reading "C:\\mainDev\\graygold\\client\\src\\app\\admin\\dashboard\\components\\OverviewSection.js"
2026-07-05T17:53:06.341290Z  INFO tailwindcss_oxide::scanner: Reading "C:\\mainDev\\graygold\\client\\Next.config"
2026-07-05T17:53:06.341295Z  INFO tailwindcss_oxide::scanner: Reading "C:\\mainDev\\graygold\\client\\src\\app\\about\\AboutClient.js"
2026-07-05T17:53:06.341706Z  INFO tailwindcss_oxide::scanner: Reading "C:\\mainDev\\graygold\\client\\postcss.config.mjs"
2026-07-05T17:53:06.341725Z  INFO tailwindcss_oxide::scanner: Reading "C:\\mainDev\\graygold\\client\\src\\app\\admin\\dashboard\\components\\modals.js"
2026-07-05T17:53:06.341709Z  INFO tailwindcss_oxide::scanner: Reading "C:\\mainDev\\graygold\\client\\src\\app\\component\\HomeHeroSection.js"
2026-07-05T17:53:06.341773Z  INFO tailwindcss_oxide::scanner: Reading "C:\\mainDev\\graygold\\client\\src\\app\\component\\FormSelect.js"
2026-07-05T17:53:06.341875Z  INFO tailwindcss_oxide::scanner: Reading "C:\\mainDev\\graygold\\client\\src\\app\\component\\Header.js"
2026-07-05T17:53:06.341984Z  INFO tailwindcss_oxide::scanner: Reading "C:\\mainDev\\graygold\\client\\src\\app\\admin\\login\\page.js"
2026-07-05T17:53:06.342016Z  INFO tailwindcss_oxide::scanner: Reading "C:\\mainDev\\graygold\\client\\src\\app\\admin\\dashboard\\layout.js"
2026-07-05T17:53:06.342104Z  INFO tailwindcss_oxide::scanner: Reading "C:\\mainDev\\graygold\\client\\src\\app\\component\\HomeAreaCardCompact.js"
2026-07-05T17:53:06.342140Z  INFO tailwindcss_oxide::scanner: Reading "C:\\mainDev\\graygold\\client\\src\\app\\admin\\dashboard\\page.js"
2026-07-05T17:53:06.342153Z  INFO tailwindcss_oxide::scanner: Reading "C:\\mainDev\\graygold\\client\\public\\vercel.svg"
2026-07-05T17:53:06.342334Z  INFO tailwindcss_oxide::scanner: Reading "C:\\mainDev\\graygold\\client\\src\\app\\admin\\dashboard\\components\\ui.js"
2026-07-05T17:53:06.342367Z  INFO tailwindcss_oxide::scanner: Reading "C:\\mainDev\\graygold\\client\\public\\window.svg"
2026-07-05T17:53:06.342410Z  INFO tailwindcss_oxide::scanner: Reading "C:\\mainDev\\graygold\\client\\src\\app\\admin\\dashboard\\components\\PropertiesSection.js"
2026-07-05T17:53:06.342497Z  INFO tailwindcss_oxide::scanner: Reading "C:\\mainDev\\graygold\\client\\public\\file.svg"
2026-07-05T17:53:06.342656Z  INFO tailwindcss_oxide::scanner: Reading "C:\\mainDev\\graygold\\client\\src\\app\\admin\\signup\\page.js"
2026-07-05T17:53:06.343315Z  INFO tailwindcss_oxide::scanner: Reading "C:\\mainDev\\graygold\\client\\src\\app\\component\\InquiryForm.js"
2026-07-05T17:53:06.343514Z  INFO extract_candidates:read_all_files: tailwindcss_oxide::scanner: exit
2026-07-05T17:53:06.343538Z  INFO extract_candidates:parse_all_blobs: tailwindcss_oxide::scanner: enter
2026-07-05T17:53:06.343548Z  INFO extract_candidates:parse_all_blobs:extract: tailwindcss_oxide::scanner: enter
2026-07-05T17:53:06.348021Z  INFO extract_candidates:parse_all_blobs:extract: tailwindcss_oxide::scanner: exit
2026-07-05T17:53:06.348343Z  INFO extract_candidates:parse_all_blobs: tailwindcss_oxide::scanner: exit
2026-07-05T17:53:06.348371Z  INFO extract_candidates:read_all_files: tailwindcss_oxide::scanner: enter
2026-07-05T17:53:06.348380Z  INFO extract_candidates:read_all_files: tailwindcss_oxide::scanner: Reading 1 file(s)
2026-07-05T17:53:06.349378Z  INFO extract_candidates:read_all_files: tailwindcss_oxide::scanner: Reading "C:\\mainDev\\graygold\\client\\src\\app\\globals.css"
2026-07-05T17:53:06.349418Z  INFO extract_candidates:read_all_files: tailwindcss_oxide::scanner: exit
2026-07-05T17:53:06.349432Z  INFO extract_candidates:extract_css_variables: tailwindcss_oxide::scanner: enter
2026-07-05T17:53:06.349438Z  INFO extract_candidates:extract_css_variables:extract: tailwindcss_oxide::scanner: enter
2026-07-05T17:53:06.349566Z  INFO extract_candidates:extract_css_variables:extract: tailwindcss_oxide::scanner: exit
2026-07-05T17:53:06.349588Z  INFO extract_candidates:extract_css_variables: tailwindcss_oxide::scanner: exit
2026-07-05T17:53:06.351487Z  INFO extract_candidates: tailwindcss_oxide::scanner: exit
2026-07-05T17:53:06.353972Z  INFO get_files: tailwindcss_oxide::scanner: enter
2026-07-05T17:53:06.353998Z  INFO get_files:scan_sources: tailwindcss_oxide::scanner: enter
2026-07-05T17:53:06.357758Z  INFO get_files:scan_sources: tailwindcss_oxide::scanner: Discovering "C:\\mainDev\\graygold\\client\\public"
2026-07-05T17:53:06.358084Z  INFO get_files:scan_sources: tailwindcss_oxide::scanner: Discovering "C:\\mainDev\\graygold\\client\\public\\partners"
2026-07-05T17:53:06.358318Z  INFO get_files:scan_sources: tailwindcss_oxide::scanner: Discovering "C:\\mainDev\\graygold\\client\\public\\propertiesImages"
2026-07-05T17:53:06.358701Z  INFO get_files:scan_sources: tailwindcss_oxide::scanner: Discovering "C:\\mainDev\\graygold\\client\\src"
2026-07-05T17:53:06.358880Z  INFO get_files:scan_sources: tailwindcss_oxide::scanner: Discovering "C:\\mainDev\\graygold\\client\\src\\app"
2026-07-05T17:53:06.359060Z  INFO get_files:scan_sources: tailwindcss_oxide::scanner: Discovering "C:\\mainDev\\graygold\\client\\src\\app\\about"
2026-07-05T17:53:06.359327Z  INFO get_files:scan_sources: tailwindcss_oxide::scanner: Discovering "C:\\mainDev\\graygold\\client\\src\\app\\admin"
2026-07-05T17:53:06.359510Z  INFO get_files:scan_sources: tailwindcss_oxide::scanner: Discovering "C:\\mainDev\\graygold\\client\\src\\app\\admin\\dashboard"
2026-07-05T17:53:06.359692Z  INFO get_files:scan_sources: tailwindcss_oxide::scanner: Discovering "C:\\mainDev\\graygold\\client\\src\\app\\admin\\dashboard\\components"
2026-07-05T17:53:06.360174Z  INFO get_files:scan_sources: tailwindcss_oxide::scanner: Discovering "C:\\mainDev\\graygold\\client\\src\\app\\admin\\login"
2026-07-05T17:53:06.360403Z  INFO get_files:scan_sources: tailwindcss_oxide::scanner: Discovering "C:\\mainDev\\graygold\\client\\src\\app\\admin\\signup"
2026-07-05T17:53:06.360655Z  INFO get_files:scan_sources: tailwindcss_oxide::scanner: Discovering "C:\\mainDev\\graygold\\client\\src\\app\\component"
2026-07-05T17:53:06.361457Z  INFO get_files:scan_sources: tailwindcss_oxide::scanner: Discovering "C:\\mainDev\\graygold\\client\\src\\app\\contact"
2026-07-05T17:53:06.361714Z  INFO get_files:scan_sources: tailwindcss_oxide::scanner: Discovering "C:\\mainDev\\graygold\\client\\src\\app\\faq"
2026-07-05T17:53:06.362047Z  INFO get_files:scan_sources: tailwindcss_oxide::scanner: Discovering "C:\\mainDev\\graygold\\client\\src\\app\\hooks"
2026-07-05T17:53:06.362308Z  INFO get_files:scan_sources: tailwindcss_oxide::scanner: Discovering "C:\\mainDev\\graygold\\client\\src\\app\\inquiry"
2026-07-05T17:53:06.362597Z  INFO get_files:scan_sources: tailwindcss_oxide::scanner: Discovering "C:\\mainDev\\graygold\\client\\src\\app\\lib"
2026-07-05T17:53:06.362854Z  INFO get_files:scan_sources: tailwindcss_oxide::scanner: Discovering "C:\\mainDev\\graygold\\client\\src\\app\\listing"
2026-07-05T17:53:06.363091Z  INFO get_files:scan_sources: tailwindcss_oxide::scanner: Discovering "C:\\mainDev\\graygold\\client\\src\\app\\listing\\[id]"
2026-07-05T17:53:06.363555Z  INFO get_files:scan_sources: tailwindcss_oxide::scanner: Discovering "C:\\mainDev\\graygold\\client\\src\\app\\watermark"
2026-07-05T17:53:06.364010Z  INFO get_files:scan_sources: tailwindcss_oxide::scanner: exit
2026-07-05T17:53:06.364188Z  INFO get_files: tailwindcss_oxide::scanner: exit
2026-07-05T17:53:06.365083Z  INFO get_globs: tailwindcss_oxide::scanner: enter
2026-07-05T17:53:06.365109Z  INFO get_globs:scan_sources: tailwindcss_oxide::scanner: enter
2026-07-05T17:53:06.368247Z  INFO get_globs:scan_sources: tailwindcss_oxide::scanner: Discovering "C:\\mainDev\\graygold\\client\\public"
2026-07-05T17:53:06.368607Z  INFO get_globs:scan_sources: tailwindcss_oxide::scanner: Discovering "C:\\mainDev\\graygold\\client\\public\\partners"
2026-07-05T17:53:06.368848Z  INFO get_globs:scan_sources: tailwindcss_oxide::scanner: Discovering "C:\\mainDev\\graygold\\client\\public\\propertiesImages"
2026-07-05T17:53:06.369236Z  INFO get_globs:scan_sources: tailwindcss_oxide::scanner: Discovering "C:\\mainDev\\graygold\\client\\src"
2026-07-05T17:53:06.369458Z  INFO get_globs:scan_sources: tailwindcss_oxide::scanner: Discovering "C:\\mainDev\\graygold\\client\\src\\app"
2026-07-05T17:53:06.369645Z  INFO get_globs:scan_sources: tailwindcss_oxide::scanner: Discovering "C:\\mainDev\\graygold\\client\\src\\app\\about"
2026-07-05T17:53:06.369927Z  INFO get_globs:scan_sources: tailwindcss_oxide::scanner: Discovering "C:\\mainDev\\graygold\\client\\src\\app\\admin"
2026-07-05T17:53:06.370116Z  INFO get_globs:scan_sources: tailwindcss_oxide::scanner: Discovering "C:\\mainDev\\graygold\\client\\src\\app\\admin\\dashboard"
2026-07-05T17:53:06.370299Z  INFO get_globs:scan_sources: tailwindcss_oxide::scanner: Discovering "C:\\mainDev\\graygold\\client\\src\\app\\admin\\dashboard\\components"
2026-07-05T17:53:06.370824Z  INFO get_globs:scan_sources: tailwindcss_oxide::scanner: Discovering "C:\\mainDev\\graygold\\client\\src\\app\\admin\\login"
2026-07-05T17:53:06.371059Z  INFO get_globs:scan_sources: tailwindcss_oxide::scanner: Discovering "C:\\mainDev\\graygold\\client\\src\\app\\admin\\signup"
2026-07-05T17:53:06.371317Z  INFO get_globs:scan_sources: tailwindcss_oxide::scanner: Discovering "C:\\mainDev\\graygold\\client\\src\\app\\component"
2026-07-05T17:53:06.372232Z  INFO get_globs:scan_sources: tailwindcss_oxide::scanner: Discovering "C:\\mainDev\\graygold\\client\\src\\app\\contact"
2026-07-05T17:53:06.372650Z  INFO get_globs:scan_sources: tailwindcss_oxide::scanner: Discovering "C:\\mainDev\\graygold\\client\\src\\app\\faq"
2026-07-05T17:53:06.373170Z  INFO get_globs:scan_sources: tailwindcss_oxide::scanner: Discovering "C:\\mainDev\\graygold\\client\\src\\app\\hooks"
2026-07-05T17:53:06.373568Z  INFO get_globs:scan_sources: tailwindcss_oxide::scanner: Discovering "C:\\mainDev\\graygold\\client\\src\\app\\inquiry"
2026-07-05T17:53:06.374003Z  INFO get_globs:scan_sources: tailwindcss_oxide::scanner: Discovering "C:\\mainDev\\graygold\\client\\src\\app\\lib"
2026-07-05T17:53:06.374282Z  INFO get_globs:scan_sources: tailwindcss_oxide::scanner: Discovering "C:\\mainDev\\graygold\\client\\src\\app\\listing"
2026-07-05T17:53:06.374530Z  INFO get_globs:scan_sources: tailwindcss_oxide::scanner: Discovering "C:\\mainDev\\graygold\\client\\src\\app\\listing\\[id]"
2026-07-05T17:53:06.374994Z  INFO get_globs:scan_sources: tailwindcss_oxide::scanner: Discovering "C:\\mainDev\\graygold\\client\\src\\app\\watermark"
2026-07-05T17:53:06.375290Z  INFO get_globs:scan_sources: tailwindcss_oxide::scanner: exit
2026-07-05T17:53:06.381111Z  INFO get_globs: tailwindcss_oxide::scanner: exit
